<add>
<doc>
<field name="primary_result_description">Digital reproduction of one hand-written laboratory notebook of calibration
      analysis for the Apollo 17 Lunar Ejecta And Meteorites (LEAM) Experiment detector, which was
      identical to the Pioneer 8 and 9 Cosmic Dust Detectors (CDD).</field>
<field name="investigation_name">Apollo 17</field>
<field name="instrument_host_name">Apollo 17 ALSEP</field>
<field name="lid">urn:nasa:pds:a17leamcal:data</field>
<field name="collection_type">Data</field>
<field name="objectType">Product_Collection</field>
<field name="product_class">Product_Collection</field>
<field name="citation_author_list">Berg, O.E.; Williams, D.R.; Gaddy, M.</field>
<field name="instrument_ref">urn:nasa:pds:context:instrument:leam.a17a</field>
<field name="file_ref_size">11400</field>
<field name="file_ref_size">241</field>
<field name="external_reference_text">Apollo 17 Preliminary Science Report, NASA SP-330, published by NASA,
      Washington, D.C., 1973.</field>
<field name="external_reference_text">Apollo Scientific Experiments Data Handbook, NASA Technical Memorandum
      X-58131, JSC-09166, published by NASA Johnson Space Center, Houston, Texas, Aug. 1974
      (revised Apr. 1976).</field>
<field name="external_reference_text">Auer, S. and O.E. Berg, Levitated lunar surface dust as evidenced by the LEAM
      experiment, In: Proceedings of European Planetary Science Congress 2008; Proceedings of the
      conference held 21-25 September 2008 in Munster, Germany, p. 705, 2008.</field>
<field name="external_reference_text">Bates, J.R., W.W. Lauderdale, and H. Kernaghan, ALSEP Termination Report,
      NASA Reference Publication Series, NASA RF-1036, published by NASA Johnson Space Center,
      Houston, Texas, Apr. 1979.</field>
<field name="external_reference_text">Berg, O.E., F.F. Richardson, J.W. Rhee and S. Auer, Preliminary results of a
      cosmic dust experiment on the moon, Geophysical Research Letters, Volume 1, Issue 7, pp.
      289-290, 1974.</field>
<field name="external_reference_text">Berg, O.E., H. Wolf and J. Rhee, Lunar Soil Movement Registered by the Apollo
      17 Cosmic Dust Experiment, In: Elsasser H., Fechting H. (eds); Interplanetary Dust and
      Zodiacal Light, Lecture Notes in Physics, Volume 48, Springer, Berlin, Heidelberg,
      1976.</field>
<field name="external_reference_text">Davies, M.E., and T.R. Colvin, Lunar coordinates in the regions of the Apollo
      landers, Journal of Geophysical Research, Volume 105, Issue E8, pages 20,227-20,280,
      2000.</field>
<field name="external_reference_text">Grun, E., M. Horanyi and Z. Sternovsky, The lunar dust environment, Planetary
      and Space Science, Volume 59, Issue 14, pp. 1672-1680, 2011.</field>
<field name="external_reference_text">Grun, E. and M. Horanyi, A new look at Apollo 17 LEAM data: Nighttime dust
      activity in 1976, Planetary and Space Science, Volume 89, pp. 2-14, 2013.</field>
<field name="external_reference_text">O&apos;Brien, B.J., Review of measurements of dust movements on the Moon during
      Apollo, Planetary and Space Science, Volume 59, Issue 14, pp. 1708-1726,
      2011.</field>
<field name="external_reference_text">Perkins, D.H., Final Report - Analysis of LEAM experiment response to charged
      particles, NASA-CR-147872, NASA contract no. NAS9-14751, Bendix Aerospace Systems Division, BSR
      4234, 1976.</field>
<field name="external_reference_text">Rhee, J.W., O.E. Berg and H. Wolf, Electrostatic dust transport and Apollo 17
      LEAM experiment, In: Space research XVII; Proceedings of the Open Meetings of Working Groups
      on Physical Sciences, June 8-19, 1976 and Symposium on Minor Constituents and Excited
      Species, Philadelphia, Pa., June 9, 10, 1976. (A78-18101 05-42) Oxford and New York, Pergamon
      Press, pp. 627-629, 1977.</field>
<field name="external_reference_text">Tomandl, D.A. and O.E. Berg, An upper limit for the flux of interstellar dust
      grains in the solar system, In: Space research XVII; Proceedings of the Open Meetings of
      Working Groups on Physical Sciences, June 8-19, 1976 and Symposium on Minor Constituents and
      Excited Species, Philadelphia, Pa., June 9, 10, 1976. (A78-18101 05-42) Oxford and New York,
      Pergamon Press, pp. 631-635, 1977.</field>
<field name="file_ref_name">collection_data.xml</field>
<field name="file_ref_name">collection_data_inventory.csv</field>
<field name="observation_stop_date_time">1977-09-30T00:00:00.000Z</field>
<field name="modification_description">Creation.</field>
<field name="instrument_host_ref">urn:nasa:pds:context:instrument_host:spacecraft.a17a</field>
<field name="observing_system_component_type">Spacecraft</field>
<field name="observing_system_component_type">Instrument</field>
<field name="pds_model_version">pds4</field>
<field name="primary_result_processing_level">Derived</field>
<field name="instrument_name">Apollo 17 Lunar Ejecta And Meteorites Experiment</field>
<field name="citation_description">Fake test collection</field>
<field name="observation_start_date_time">1972-12-07T00:00:00.000Z</field>
<field name="target_name">Moon</field>
<field name="target_name">Dust</field>
<field name="page_type">Data Collection</field>
<field name="collection_member_count">4</field>
<field name="description">Fake test collection</field>
<field name="citation_publication_year">2017</field>
<field name="title">Apollo 17 Lunar Ejecta And Meteorites Experiment Data Notebook Fake Test Collection</field>
<field name="resLocation">/ds-view/pds/viewCollection.jsp?identifier=urn%3Anasa%3Apds%3Aa17leamcal%3Adata&amp;version=1.0</field>
<field name="data_product_type">Collection</field>
<field name="external_reference_doi">10.1029/GL001i007p00289</field>
<field name="external_reference_doi">10.1007/3-540-07615-8_486B</field>
<field name="external_reference_doi">10.1029/1999JE001165</field>
<field name="external_reference_doi">10.1016/j.pss.2011.04.005</field>
<field name="external_reference_doi">10.1016/j.pss.2013.10.005</field>
<field name="external_reference_doi">10.1016/j.pss.2011.04.016</field>
<field name="primary_result_purpose">Science</field>
<field name="citation_editor_list">Williams, D.R.; McLaughlin, S.A.</field>
<field name="agency_name">nasa</field>
<field name="target_ref">urn:nasa:pds:context:target:satellite.earth.moon</field>
<field name="target_ref">urn:nasa:pds:context:target:dust.dust</field>
<field name="file_name">collection_data_inventory.csv</field>
<field name="target_type">Satellite</field>
<field name="target_type">Dust</field>
<field name="version_id">1.0</field>
<field name="investigation_ref">urn:nasa:pds:context:investigation:mission.apollo_17</field>
<field name="search_id">pds4:urn:nasa:pds:a17leamcal:data</field>
<field name="resource_ref">urn:nasa:pds:context:resource:resource.a17leamcal_online</field>
<field name="resource_ref">urn:nasa:pds:context:resource:resource.a17leamcal_2_online</field>
<field name="investigation_type">Mission</field>
<field name="observing_system_component_name">Apollo 17 ALSEP</field>
<field name="observing_system_component_name">Apollo 17 Lunar Ejecta And Meteorites Experiment</field>
</doc>
<doc>
<field name="lid">urn:nasa:pds:context:resource:resource.a17leamcal_online</field>
<field name="data_class">Resource</field>
<field name="objectType">Product_Context</field>
<field name="product_class">Product_Context</field>
<field name="file_ref_size">1579</field>
<field name="file_ref_name">resource_a17leamcal.xml</field>
<field name="resource_url">https://pds-geosciences.wustl.edu/missions/apollo/index.htm</field>
<field name="modification_description">
                    Initial revision.
                </field>
<field name="resource_type">Information.Science_Portal</field>
<field name="pds_model_version">pds4</field>
<field name="resource_description">
            Initial version of Apollo 17 Lunar Ejecta And Meteorites Experiment Calibration Notebook
        </field>
<field name="page_type">Resource</field>
<field name="description">
            Initial version of Apollo 17 Lunar Ejecta And Meteorites Experiment Calibration Notebook
        </field>
<field name="title">Apollo 17 Lunar Ejecta And Meteorites Experiment Calibration Notebook Archive Online</field>
<field name="resLocation">https://pds-geosciences.wustl.edu/missions/apollo/index.htm</field>
<field name="data_product_type">Resource</field>
<field name="agency_name">nasa</field>
<field name="version_id">1.0</field>
<field name="search_id">pds4:urn:nasa:pds:context:resource:resource.a17leamcal_online</field>
<field name="resource_name">Apollo 17 Lunar Ejecta And Meteorites Experiment Calibration Notebook Online</field>
</doc>
<doc>
<field name="primary_result_description">Digital reproduction of one hand-written laboratory notebook of calibration
      analysis for the Apollo 17 Lunar Ejecta And Meteorites (LEAM) Experiment detector, which was
      identical to the Pioneer 8 and 9 Cosmic Dust Detectors (CDD).</field>
<field name="investigation_name">Apollo 17</field>
<field name="instrument_host_name">Apollo 17 ALSEP</field>
<field name="lid">urn:nasa:pds:a17leamcal</field>
<field name="objectType">Product_Bundle</field>
<field name="product_class">Product_Bundle</field>
<field name="citation_author_list">Berg, O.E.; Williams, D.R.; Gaddy, M.</field>
<field name="instrument_ref">urn:nasa:pds:context:instrument:leam.a17a</field>
<field name="file_ref_size">5346</field>
<field name="file_ref_size">600</field>
<field name="file_ref_name">bundle.xml</field>
<field name="file_ref_name">readme.txt</field>
<field name="observation_stop_date_time">1977-09-30T00:00:00.000Z</field>
<field name="modification_description">Creation.</field>
<field name="instrument_host_ref">urn:nasa:pds:context:instrument_host:spacecraft.a17a</field>
<field name="observing_system_component_type">Spacecraft</field>
<field name="observing_system_component_type">Instrument</field>
<field name="pds_model_version">pds4</field>
<field name="primary_result_processing_level">Derived</field>
<field name="bundle_type">Archive</field>
<field name="instrument_name">Apollo 17 Lunar Ejecta And Meteorites Experiment</field>
<field name="citation_doi">10.17189/1519335</field>
<field name="citation_description">This bundle contains a digital reproduction of one hand-written laboratory
      notebook of calibration analysis for the Apollo 17 Lunar Ejecta And Meteorites (LEAM)
      Experiment detector, which was identical to Pioneer 8 and 9 Cosmic Dust Detectors
      (CDD).</field>
<field name="observation_start_date_time">1972-12-07T00:00:00.000Z</field>
<field name="target_name">Moon</field>
<field name="target_name">Dust</field>
<field name="page_type">Data Bundle</field>
<field name="description">This bundle contains a digital reproduction of one hand-written laboratory
      notebook of calibration analysis for the Apollo 17 Lunar Ejecta And Meteorites (LEAM)
      Experiment detector, which was identical to Pioneer 8 and 9 Cosmic Dust Detectors
      (CDD).</field>
<field name="citation_publication_year">2017</field>
<field name="title">Apollo 17 Lunar Ejecta And Meteorites Experiment Calibration Notebook Bundle</field>
<field name="resLocation">/ds-view/pds/viewBundle.jsp?identifier=urn%3Anasa%3Apds%3Aa17leamcal&amp;version=1.0</field>
<field name="data_product_type">Bundle</field>
<field name="primary_result_purpose">Science</field>
<field name="citation_editor_list">Williams, D.R.; McLaughlin, S.A.</field>
<field name="agency_name">nasa</field>
<field name="target_ref">urn:nasa:pds:context:target:satellite.earth.moon</field>
<field name="target_ref">urn:nasa:pds:context:target:dust.dust</field>
<field name="target_type">Satellite</field>
<field name="target_type">Dust</field>
<field name="version_id">1.0</field>
<field name="investigation_ref">urn:nasa:pds:context:investigation:mission.apollo_17</field>
<field name="search_id">pds4:urn:nasa:pds:a17leamcal</field>
<field name="resource_ref">urn:nasa:pds:context:resource:resource.a17leamcal_online</field>
<field name="resource_ref">urn:nasa:pds:context:resource:resource.a17leamcal_2_online</field>
<field name="investigation_type">Mission</field>
<field name="collection_ref">urn:nasa:pds:a17leamcal:calibration</field>
<field name="collection_ref">urn:nasa:pds:a17leamcal:data</field>
<field name="observing_system_component_name">Apollo 17 ALSEP</field>
<field name="observing_system_component_name">Apollo 17 Lunar Ejecta And Meteorites Experiment</field>
</doc>
<doc>
<field name="lid">urn:nasa:pds:context:resource:resource.a17leamcal_2_online</field>
<field name="data_class">Resource</field>
<field name="objectType">Product_Context</field>
<field name="product_class">Product_Context</field>
<field name="file_ref_size">1592</field>
<field name="file_ref_name">resource_a17leamcal_2.xml</field>
<field name="resource_url">https://pds-geosciences.wustl.edu/lunar/urn-nasa-pds-a17leamcal/</field>
<field name="modification_description">
                    Initial revision.
                </field>
<field name="resource_type">Information.Science_Portal</field>
<field name="pds_model_version">pds4</field>
<field name="resource_description">
            Initial version of Apollo 17 Lunar Ejecta And Meteorites Experiment Calibration Notebook 2
        </field>
<field name="page_type">Resource</field>
<field name="description">
            Initial version of Apollo 17 Lunar Ejecta And Meteorites Experiment Calibration Notebook 2
        </field>
<field name="title">Apollo 17 Lunar Ejecta And Meteorites Experiment Calibration Notebook 2 Archive Online</field>
<field name="resLocation">https://pds-geosciences.wustl.edu/lunar/urn-nasa-pds-a17leamcal/</field>
<field name="data_product_type">Resource</field>
<field name="agency_name">nasa</field>
<field name="version_id">1.0</field>
<field name="search_id">pds4:urn:nasa:pds:context:resource:resource.a17leamcal_2_online</field>
<field name="resource_name">Apollo 17 Lunar Ejecta And Meteorites Experiment Calibration Notebook 2 Online</field>
</doc>
<doc>
<field name="primary_result_description">Digital reproduction of one hand-written laboratory notebook of calibration
      analysis for the Apollo 17 Lunar Ejecta And Meteorites (LEAM) Experiment detector, which was
      identical to the Pioneer 8 and 9 Cosmic Dust Detectors (CDD).</field>
<field name="investigation_name">Apollo 17</field>
<field name="instrument_host_name">Apollo 17 ALSEP</field>
<field name="lid">urn:nasa:pds:a17leamcal:calibration</field>
<field name="collection_type">Calibration</field>
<field name="objectType">Product_Collection</field>
<field name="product_class">Product_Collection</field>
<field name="citation_author_list">Berg, O.E.; Williams, D.R.; Gaddy, M.</field>
<field name="instrument_ref">urn:nasa:pds:context:instrument:leam.a17a</field>
<field name="file_ref_size">11875</field>
<field name="file_ref_size">269</field>
<field name="external_reference_text">Apollo 17 Preliminary Science Report, NASA SP-330, published by NASA,
      Washington, D.C., 1973.</field>
<field name="external_reference_text">Apollo Scientific Experiments Data Handbook, NASA Technical Memorandum
      X-58131, JSC-09166, published by NASA Johnson Space Center, Houston, Texas, Aug. 1974
      (revised Apr. 1976).</field>
<field name="external_reference_text">Auer, S. and O.E. Berg, Levitated lunar surface dust as evidenced by the LEAM
      experiment, In: Proceedings of European Planetary Science Congress 2008; Proceedings of the
      conference held 21-25 September 2008 in Munster, Germany, p. 705, 2008.</field>
<field name="external_reference_text">Bates, J.R., W.W. Lauderdale, and H. Kernaghan, ALSEP Termination Report,
      NASA Reference Publication Series, NASA RF-1036, published by NASA Johnson Space Center,
      Houston, Texas, Apr. 1979.</field>
<field name="external_reference_text">Berg, O.E., F.F. Richardson, J.W. Rhee and S. Auer, Preliminary results of a
      cosmic dust experiment on the moon, Geophysical Research Letters, Volume 1, Issue 7, pp.
      289-290, 1974.</field>
<field name="external_reference_text">Berg, O.E., H. Wolf and J. Rhee, Lunar Soil Movement Registered by the Apollo
      17 Cosmic Dust Experiment, In: Elsasser H., Fechting H. (eds); Interplanetary Dust and
      Zodiacal Light, Lecture Notes in Physics, Volume 48, Springer, Berlin, Heidelberg,
      1976.</field>
<field name="external_reference_text">Davies, M.E., and T.R. Colvin, Lunar coordinates in the regions of the Apollo
      landers, Journal of Geophysical Research, Volume 105, Issue E8, pages 20,227-20,280,
      2000.</field>
<field name="external_reference_text">Grun, E., M. Horanyi and Z. Sternovsky, The lunar dust environment, Planetary
      and Space Science, Volume 59, Issue 14, pp. 1672-1680, 2011.</field>
<field name="external_reference_text">Grun, E. and M. Horanyi, A new look at Apollo 17 LEAM data: Nighttime dust
      activity in 1976, Planetary and Space Science, Volume 89, pp. 2-14, 2013.</field>
<field name="external_reference_text">O&apos;Brien, B.J., Review of measurements of dust movements on the Moon during
      Apollo, Planetary and Space Science, Volume 59, Issue 14, pp. 1708-1726,
      2011.</field>
<field name="external_reference_text">Perkins, D.H., Final Report - Analysis of LEAM experiment response to charged
      particles, NASA-CR-147872, NASA contract no. NAS9-14751, Bendix Aerospace Systems Division, BSR
      4234, 1976.</field>
<field name="external_reference_text">Rhee, J.W., O.E. Berg and H. Wolf, Electrostatic dust transport and Apollo 17
      LEAM experiment, In: Space research XVII; Proceedings of the Open Meetings of Working Groups
      on Physical Sciences, June 8-19, 1976 and Symposium on Minor Constituents and Excited
      Species, Philadelphia, Pa., June 9, 10, 1976. (A78-18101 05-42) Oxford and New York, Pergamon
      Press, pp. 627-629, 1977.</field>
<field name="external_reference_text">Tomandl, D.A. and O.E. Berg, An upper limit for the flux of interstellar dust
      grains in the solar system, In: Space research XVII; Proceedings of the Open Meetings of
      Working Groups on Physical Sciences, June 8-19, 1976 and Symposium on Minor Constituents and
      Excited Species, Philadelphia, Pa., June 9, 10, 1976. (A78-18101 05-42) Oxford and New York,
      Pergamon Press, pp. 631-635, 1977.</field>
<field name="file_ref_name">collection_calibration.xml</field>
<field name="file_ref_name">collection_calibration_inventory.csv</field>
<field name="observation_stop_date_time">1977-09-30T00:00:00.000Z</field>
<field name="modification_description">Creation.</field>
<field name="instrument_host_ref">urn:nasa:pds:context:instrument_host:spacecraft.a17a</field>
<field name="observing_system_component_type">Spacecraft</field>
<field name="observing_system_component_type">Instrument</field>
<field name="pds_model_version">pds4</field>
<field name="primary_result_processing_level">Derived</field>
<field name="instrument_name">Apollo 17 Lunar Ejecta And Meteorites Experiment</field>
<field name="citation_description">This collection contains a digital reproduction of one hand-written laboratory
      notebook of calibration analysis by Dr. Otto E. Berg for the Apollo 17 Lunar Ejecta And
      Meteorites (LEAM) Experiment. Dr. Berg used this work along with analyses of data acquired by
      the Pioneer 8 and 9 Cosmic Dust Detectors, which were identical to LEAM detector, to
      calibrate the Apollo 17 LEAM data. Dr. Berg was the principal investigator for all three
      instruments.</field>
<field name="observation_start_date_time">1972-12-07T00:00:00.000Z</field>
<field name="target_name">Moon</field>
<field name="target_name">Dust</field>
<field name="page_type">Data Collection</field>
<field name="collection_member_count">4</field>
<field name="description">This collection contains a digital reproduction of one hand-written laboratory
      notebook of calibration analysis by Dr. Otto E. Berg for the Apollo 17 Lunar Ejecta And
      Meteorites (LEAM) Experiment. Dr. Berg used this work along with analyses of data acquired by
      the Pioneer 8 and 9 Cosmic Dust Detectors, which were identical to LEAM detector, to
      calibrate the Apollo 17 LEAM data. Dr. Berg was the principal investigator for all three
      instruments.</field>
<field name="citation_publication_year">2017</field>
<field name="title">Apollo 17 Lunar Ejecta And Meteorites Experiment Calibration Notebook Collection</field>
<field name="resLocation">/ds-view/pds/viewCollection.jsp?identifier=urn%3Anasa%3Apds%3Aa17leamcal%3Acalibration&amp;version=1.0</field>
<field name="data_product_type">Collection</field>
<field name="external_reference_doi">10.1029/GL001i007p00289</field>
<field name="external_reference_doi">10.1007/3-540-07615-8_486B</field>
<field name="external_reference_doi">10.1029/1999JE001165</field>
<field name="external_reference_doi">10.1016/j.pss.2011.04.005</field>
<field name="external_reference_doi">10.1016/j.pss.2013.10.005</field>
<field name="external_reference_doi">10.1016/j.pss.2011.04.016</field>
<field name="primary_result_purpose">Science</field>
<field name="citation_editor_list">Williams, D.R.; McLaughlin, S.A.</field>
<field name="agency_name">nasa</field>
<field name="target_ref">urn:nasa:pds:context:target:satellite.earth.moon</field>
<field name="target_ref">urn:nasa:pds:context:target:dust.dust</field>
<field name="file_name">collection_calibration_inventory.csv</field>
<field name="target_type">Satellite</field>
<field name="target_type">Dust</field>
<field name="version_id">1.0</field>
<field name="investigation_ref">urn:nasa:pds:context:investigation:mission.apollo_17</field>
<field name="search_id">pds4:urn:nasa:pds:a17leamcal:calibration</field>
<field name="resource_ref">urn:nasa:pds:context:resource:resource.a17leamcal_online</field>
<field name="resource_ref">urn:nasa:pds:context:resource:resource.a17leamcal_2_online</field>
<field name="investigation_type">Mission</field>
<field name="observing_system_component_name">Apollo 17 ALSEP</field>
<field name="observing_system_component_name">Apollo 17 Lunar Ejecta And Meteorites Experiment</field>
</doc>
</add>
